// Jest Snapshot v1, https://goo.gl/fbAQLP

exports[`TestExampleOne package tests matches snapshot 1`] = `
<styled.div>
  <h1>
    Hello World from 
    TypeScript
     and 
    React
    !
  </h1>
</styled.div>
`;
